// Jest Snapshot v1, https://goo.gl/fbAQLP

exports[`<Card/> should match its reference snapshot 1`] = `
<div
  className="card"
>
  H
</div>
`;
